// Jest Snapshot v1, https://goo.gl/fbAQLP

exports[`Header should render correctly 1`] = `
Object {
  "asFragment": [Function],
  "baseElement": <body>
    <div>
      <header
        class="header"
      >
        <nav
          class="nav"
        >
          <ul
            class="list"
          >
            <li
              class="listItem active"
            >
              Ottawa
            </li>
            <li
              class="listItem notActive"
            >
              Moscow
            </li>
            <li
              class="listItem notActive"
            >
              Tokyo
            </li>
            <li
              class="listItem notActive"
            >
              London
            </li>
            <li
              class="listItem notActive"
            >
              New York
            </li>
          </ul>
          <div
            class="toggle"
          >
            <label
              class="switch"
            >
              <input
                type="checkbox"
              />
              <span
                class="slider round"
              />
            </label>
          </div>
        </nav>
      </header>
    </div>
  </body>,
  "container": <div>
    <header
      class="header"
    >
      <nav
        class="nav"
      >
        <ul
          class="list"
        >
          <li
            class="listItem active"
          >
            Ottawa
          </li>
          <li
            class="listItem notActive"
          >
            Moscow
          </li>
          <li
            class="listItem notActive"
          >
            Tokyo
          </li>
          <li
            class="listItem notActive"
          >
            London
          </li>
          <li
            class="listItem notActive"
          >
            New York
          </li>
        </ul>
        <div
          class="toggle"
        >
          <label
            class="switch"
          >
            <input
              type="checkbox"
            />
            <span
              class="slider round"
            />
          </label>
        </div>
      </nav>
    </header>
  </div>,
  "debug": [Function],
  "findAllByAltText": [Function],
  "findAllByDisplayValue": [Function],
  "findAllByLabelText": [Function],
  "findAllByPlaceholderText": [Function],
  "findAllByRole": [Function],
  "findAllByTestId": [Function],
  "findAllByText": [Function],
  "findAllByTitle": [Function],
  "findByAltText": [Function],
  "findByDisplayValue": [Function],
  "findByLabelText": [Function],
  "findByPlaceholderText": [Function],
  "findByRole": [Function],
  "findByTestId": [Function],
  "findByText": [Function],
  "findByTitle": [Function],
  "getAllByAltText": [Function],
  "getAllByDisplayValue": [Function],
  "getAllByLabelText": [Function],
  "getAllByPlaceholderText": [Function],
  "getAllByRole": [Function],
  "getAllByTestId": [Function],
  "getAllByText": [Function],
  "getAllByTitle": [Function],
  "getByAltText": [Function],
  "getByDisplayValue": [Function],
  "getByLabelText": [Function],
  "getByPlaceholderText": [Function],
  "getByRole": [Function],
  "getByTestId": [Function],
  "getByText": [Function],
  "getByTitle": [Function],
  "queryAllByAltText": [Function],
  "queryAllByDisplayValue": [Function],
  "queryAllByLabelText": [Function],
  "queryAllByPlaceholderText": [Function],
  "queryAllByRole": [Function],
  "queryAllByTestId": [Function],
  "queryAllByText": [Function],
  "queryAllByTitle": [Function],
  "queryByAltText": [Function],
  "queryByDisplayValue": [Function],
  "queryByLabelText": [Function],
  "queryByPlaceholderText": [Function],
  "queryByRole": [Function],
  "queryByTestId": [Function],
  "queryByText": [Function],
  "queryByTitle": [Function],
  "rerender": [Function],
  "unmount": [Function],
}
`;
